\BOOKMARK [1][-]{appendix.A}{\376\377\000E\000x\000p\000e\000r\000i\000m\000e\000n\000t\000s\000\040\000o\000n\000\040\000C\000I\000F\000A\000R\000-\0001\0000\000H\000\040\000d\000a\000t\000a\000s\000e\000t}{}% 1
\BOOKMARK [1][-]{appendix.B}{\376\377\000I\000n\000c\000o\000n\000s\000i\000s\000t\000e\000n\000c\000y\000\040\000f\000r\000o\000m\000\040\000a\000g\000g\000r\000e\000g\000a\000t\000e\000\040\000l\000a\000b\000e\000l\000s}{}% 2
\BOOKMARK [1][-]{appendix.C}{\376\377\000T\000e\000c\000h\000n\000i\000c\000a\000l\000\040\000l\000e\000m\000m\000a\000s}{}% 3
\BOOKMARK [2][-]{subsection.C.1}{\376\377\000P\000r\000o\000o\000f\000\040\000o\000f\000\040\000L\000e\000m\000m\000a\000\040\000C\000.\0001}{appendix.C}% 4
\BOOKMARK [2][-]{subsection.C.2}{\376\377\000P\000r\000o\000o\000f\000\040\000o\000f\000\040\000L\000e\000m\000m\000a\000\040\000C\000.\0002}{appendix.C}% 5
\BOOKMARK [2][-]{subsection.C.3}{\376\377\000P\000r\000o\000o\000f\000\040\000o\000f\000\040\000L\000e\000m\000m\000a\000\040\000C\000.\0003}{appendix.C}% 6
\BOOKMARK [2][-]{subsection.C.4}{\376\377\000P\000r\000o\000o\000f\000\040\000o\000f\000\040\000L\000e\000m\000m\000a\000\040\000C\000.\0004}{appendix.C}% 7
\BOOKMARK [1][-]{appendix.D}{\376\377\000P\000r\000o\000o\000f\000\040\000o\000f\000\040\000T\000h\000e\000o\000r\000e\000m\000\040\0001}{}% 8
\BOOKMARK [2][-]{subsection.D.1}{\376\377\000P\000r\000o\000o\000f\000\040\000o\000f\000\040\000L\000e\000m\000m\000a\000\040\0003\000.\0001}{appendix.D}% 9
\BOOKMARK [1][-]{appendix.E}{\376\377\000P\000r\000o\000o\000f\000\040\000o\000f\000\040\000T\000h\000e\000o\000r\000e\000m\000\040\0002}{}% 10
\BOOKMARK [1][-]{appendix.F}{\376\377\000P\000r\000o\000o\000f\000s\000\040\000o\000f\000\040\000a\000s\000y\000m\000p\000t\000o\000t\000i\000c\000\040\000n\000o\000r\000m\000a\000l\000i\000t\000y}{}% 11
\BOOKMARK [2][-]{subsection.F.1}{\376\377\000P\000r\000o\000o\000f\000\040\000o\000f\000\040\000P\000r\000o\000p\000o\000s\000i\000t\000i\000o\000n\000\040\0001}{appendix.F}% 12
\BOOKMARK [2][-]{subsection.F.2}{\376\377\000P\000r\000o\000o\000f\000\040\000o\000f\000\040\000P\000r\000o\000p\000o\000s\000i\000t\000i\000o\000n\000\040\0002}{appendix.F}% 13
\BOOKMARK [2][-]{subsection.F.3}{\376\377\000P\000r\000o\000o\000f\000\040\000o\000f\000\040\000P\000r\000o\000p\000o\000s\000i\000t\000i\000o\000n\000\040\0003}{appendix.F}% 14
\BOOKMARK [1][-]{appendix.G}{\376\377\000P\000r\000o\000o\000f\000s\000\040\000o\000f\000\040\000f\000u\000n\000d\000a\000m\000e\000n\000t\000a\000l\000\040\000l\000i\000m\000i\000t\000s\000\040\000o\000f\000\040\000e\000s\000t\000i\000m\000a\000t\000i\000o\000n\000\040\000w\000i\000t\000h\000\040\000a\000g\000g\000r\000e\000g\000a\000t\000e\000\040\000l\000a\000b\000e\000l\000s}{}% 15
\BOOKMARK [2][-]{subsection.G.1}{\376\377\000P\000r\000o\000o\000f\000\040\000o\000f\000\040\000P\000r\000o\000p\000o\000s\000i\000t\000i\000o\000n\000\040\0008}{appendix.G}% 16
\BOOKMARK [2][-]{subsection.G.2}{\376\377\000P\000r\000o\000o\000f\000\040\000o\000f\000\040\000L\000e\000m\000m\000a\000\040\0004\000.\0001}{appendix.G}% 17
\BOOKMARK [2][-]{subsection.G.3}{\376\377\000P\000r\000o\000o\000f\000\040\000o\000f\000\040\000T\000h\000e\000o\000r\000e\000m\000\040\0003}{appendix.G}% 18
\BOOKMARK [2][-]{subsection.G.4}{\376\377\000P\000r\000o\000o\000f\000\040\000o\000f\000\040\000L\000e\000m\000m\000a\000\040\000G\000.\0002}{appendix.G}% 19
\BOOKMARK [2][-]{subsection.G.5}{\376\377\000P\000r\000o\000o\000f\000\040\000o\000f\000\040\000L\000e\000m\000m\000a\000\040\000G\000.\0003}{appendix.G}% 20
\BOOKMARK [2][-]{subsection.G.6}{\376\377\000P\000r\000o\000o\000f\000\040\000o\000f\000\040\000C\000o\000r\000o\000l\000l\000a\000r\000y\000\040\0006}{appendix.G}% 21
\BOOKMARK [1][-]{appendix.H}{\376\377\000S\000e\000m\000i\000p\000a\000r\000a\000m\000e\000t\000r\000i\000c\000\040\000a\000p\000p\000r\000o\000a\000c\000h\000e\000s}{}% 22
\BOOKMARK [2][-]{subsection.H.1}{\376\377\000A\000\040\000s\000i\000n\000g\000l\000e\000\040\000i\000n\000d\000e\000x\000\040\000m\000o\000d\000e\000l}{appendix.H}% 23
\BOOKMARK [2][-]{subsection.H.2}{\376\377\000C\000r\000o\000w\000d\000s\000o\000u\000r\000c\000i\000n\000g\000\040\000m\000o\000d\000e\000l}{appendix.H}% 24
\BOOKMARK [1][-]{appendix.I}{\376\377\000P\000r\000o\000o\000f\000\040\000o\000f\000\040\000T\000h\000e\000o\000r\000e\000m\000\040\000H\000.\0001}{}% 25
\BOOKMARK [2][-]{subsection.I.1}{\376\377\000P\000r\000o\000o\000f\000\040\000o\000f\000\040\000c\000o\000n\000s\000i\000s\000t\000e\000n\000c\000y}{appendix.I}% 26
\BOOKMARK [2][-]{subsection.I.2}{\376\377\000A\000s\000y\000m\000p\000t\000o\000t\000i\000c\000\040\000n\000o\000r\000m\000a\000l\000i\000t\000y\000\040\000v\000i\000a\000\040\000D\000o\000n\000s\000k\000e\000r\000\040\000c\000l\000a\000s\000s\000e\000s}{appendix.I}% 27
\BOOKMARK [1][-]{appendix.J}{\376\377\000P\000r\000o\000o\000f\000s\000\040\000f\000o\000r\000\040\000s\000e\000m\000i\000p\000a\000r\000a\000m\000e\000t\000r\000i\000c\000\040\000a\000p\000p\000r\000o\000a\000c\000h\000e\000s}{}% 28
\BOOKMARK [2][-]{subsection.J.1}{\376\377\000P\000r\000o\000o\000f\000\040\000o\000f\000\040\000L\000e\000m\000m\000a\000\040\000H\000.\0001}{appendix.J}% 29
\BOOKMARK [2][-]{subsection.J.2}{\376\377\000P\000r\000o\000o\000f\000\040\000o\000f\000\040\000P\000r\000o\000p\000o\000s\000i\000t\000i\000o\000n\000\040\0001\0000}{appendix.J}% 30
\BOOKMARK [1][-]{appendix.K}{\376\377\000P\000r\000o\000o\000f\000s\000\040\000o\000f\000\040\000n\000o\000n\000p\000a\000r\000a\000m\000e\000t\000r\000i\000c\000\040\000c\000o\000n\000v\000e\000r\000g\000e\000n\000c\000e\000\040\000r\000e\000s\000u\000l\000t\000s}{}% 31
\BOOKMARK [2][-]{subsection.K.1}{\376\377\000P\000r\000e\000l\000i\000m\000i\000n\000a\000r\000y\000\040\000r\000e\000s\000u\000l\000t\000s}{appendix.K}% 32
\BOOKMARK [2][-]{subsection.K.2}{\376\377\000P\000r\000o\000o\000f\000\040\000o\000f\000\040\000P\000r\000o\000p\000o\000s\000i\000t\000i\000o\000n\000\040\0009}{appendix.K}% 33
\BOOKMARK [2][-]{subsection.K.3}{\376\377\000P\000r\000o\000o\000f\000\040\000o\000f\000\040\000P\000r\000o\000p\000o\000s\000i\000t\000i\000o\000n\000\040\0001\0001}{appendix.K}% 34
\BOOKMARK [3][-]{subsubsection.K.3.1}{\376\377\000P\000r\000o\000o\000f\000\040\000o\000f\000\040\000L\000e\000m\000m\000a\000\040\000K\000.\0002}{subsection.K.3}% 35
